2026-02-25T08:15:19.482Z INFO Is remote: false
2026-02-25T08:15:19.482Z INFO Starting Local. Installation path: undefined
2026-02-25T08:15:19.483Z INFO [MainProvider] Creating new MainProvider instance...
2026-02-25T08:15:19.484Z INFO [TabsManager] Code view listener set up at initialization
2026-02-25T08:15:19.484Z INFO Installation path exists: d:\Data-Structure---CS201B\Unit 2 - Linked Lists
2026-02-25T08:15:19.484Z INFO Initializing database with URL: file:C:\Users\atind\AppData\Local\Temp\pythagora-temp\pythagora.db
2026-02-25T08:15:19.488Z INFO Database file exists, skipping prisma generate/push for faster startup
2026-02-25T08:15:19.488Z INFO Database initialized successfully
2026-02-25T08:15:19.489Z INFO [Migration] Checking for database migration...
2026-02-25T08:15:19.536Z INFO [Migration] No migration needed
2026-02-26T08:29:18.913Z INFO [TabsManager] First file opened, triggering split view
2026-02-26T08:29:18.926Z INFO [MainProvider] First file opened, creating split view
2026-02-26T08:29:21.949Z INFO [TabsManager] First file opened, triggering split view
2026-02-26T08:29:21.950Z INFO [MainProvider] First file opened, creating split view
2026-02-26T08:29:25.151Z INFO [TabsManager] First file opened, triggering split view
2026-02-26T08:29:25.151Z INFO [MainProvider] First file opened, creating split view
2026-02-27T03:46:07.273Z INFO Closing entire Pythagora extension...
2026-02-27T03:46:07.322Z ERROR Error closing extension
Error: Canceled
Stack: Canceled: Canceled
	at new _j (file:///c:/Users/atind/AppData/Local/Programs/Microsoft%20VS%20Code/591199df40/resources/app/out/vs/workbench/api/node/extensionHostProcess.js:29:120928)
	at kE.U (file:///c:/Users/atind/AppData/Local/Programs/Microsoft%20VS%20Code/591199df40/resources/app/out/vs/workbench/api/node/extensionHostProcess.js:29:125538)
	at r.<computed>.n.charCodeAt.r.<computed> (file:///c:/Users/atind/AppData/Local/Programs/Microsoft%20VS%20Code/591199df40/resources/app/out/vs/workbench/api/node/extensionHostProcess.js:29:123032)
	at vA.g (file:///c:/Users/atind/AppData/Local/Programs/Microsoft%20VS%20Code/591199df40/resources/app/out/vs/workbench/api/node/extensionHostProcess.js:116:41231)
	at vA.executeCommand (file:///c:/Users/atind/AppData/Local/Programs/Microsoft%20VS%20Code/591199df40/resources/app/out/vs/workbench/api/node/extensionHostProcess.js:116:40735)
	at Object.executeCommand (file:///c:/Users/atind/AppData/Local/Programs/Microsoft%20VS%20Code/591199df40/resources/app/out/vs/workbench/api/node/extensionHostProcess.js:213:104946)
	at closeEntirePythagoraExtension (c:\Users\atind\.vscode\extensions\pythagoratechnologies.pythagora-vs-code-2.6.19\out\extension.js:542:31)
	at Object.deactivate (c:\Users\atind\.vscode\extensions\pythagoratechnologies.pythagora-vs-code-2.6.19\out\extension.js:409:15)
	at ZK.eb (file:///c:/Users/atind/AppData/Local/Programs/Microsoft%20VS%20Code/591199df40/resources/app/out/vs/workbench/api/node/extensionHostProcess.js:120:11880)
	at file:///c:/Users/atind/AppData/Local/Programs/Microsoft%20VS%20Code/591199df40/resources/app/out/vs/workbench/api/node/extensionHostProcess.js:120:10030
	at Array.map (<anonymous>)
	at ZK.$ (file:///c:/Users/atind/AppData/Local/Programs/Microsoft%20VS%20Code/591199df40/resources/app/out/vs/workbench/api/node/extensionHostProcess.js:120:10018)
	at ZK.terminate (file:///c:/Users/atind/AppData/Local/Programs/Microsoft%20VS%20Code/591199df40/resources/app/out/vs/workbench/api/node/extensionHostProcess.js:120:10261)
	at BN.terminate (file:///c:/Users/atind/AppData/Local/Programs/Microsoft%20VS%20Code/591199df40/resources/app/out/vs/workbench/api/node/extensionHostProcess.js:122:914)
	at Ur (file:///c:/Users/atind/AppData/Local/Programs/Microsoft%20VS%20Code/591199df40/resources/app/out/vs/workbench/api/node/extensionHostProcess.js:405:11143)
	at MessagePortMain.<anonymous> (file:///c:/Users/atind/AppData/Local/Programs/Microsoft%20VS%20Code/591199df40/resources/app/out/vs/workbench/api/node/extensionHostProcess.js:405:7610)
	at MessagePortMain.emit (node:events:519:28)
	at MessagePortMain._internalPort.emit (node:electron/js2c/utility_init:2:2959)
	at Object.callbackTrampoline (node:internal/async_hooks:130:17)
Extra context: {
  "message": "Canceled"
}
